{
 lower left = [10, 10]
 upper right = [15, 38]
}
