Oval draw
Oval draw
keen
Square draw
Square draw
wacky
Rect draw
Rect draw
wacky
