22
23
24
32
33
34
35
42
43
44
45
62
63
64
65
done
