-420-210-420-210-216
-420-210-420-210-9816
-1568-32
-420-210-420-2108816
-420-210-420-2101316
2085
-420-210-420-21017816
-420-210-420-2103116
111
-420-210-420-21026816
-420-210-420-2104616
216
