Cow2CowCow2JerseyJersey3Cow2JerseyHello from Jersey.
