Not overridden
AnimalNot overridden
CowNot overridden
Jersey
