20000
19000
18000
17000
16000
Can't expand stack segment by 8 bytes to 524288 bytes
Use -lstack # with # > 524288
