
This program will read in a bunch of numbers and print them
back out in sorted order.

How many scores? Enter next number: Enter next number: Enter next number: Enter next number: Enter next number: Enter next number: Enter next number: Enter next number: Enter next number: Enter next number: Sorted results: -12 1 2 5 8 10 35 45 45 50 
